<div class="code-group"><div class="code-group-tabs"><button class="code-group-tab active">中文标题</button><button class="code-group-tab">日本語</button></div><div class="code-group-contents"><div class="code-group-content active"><pre><code class="language-php">echo '你好，世界！';</code></pre></div><div class="code-group-content"><pre><code class="language-js">console.log('こんにちは、世界！');</code></pre></div></div></div>
