<div class="code-group"><div class="code-group-tabs"><button class="code-group-tab active">PHP &amp; HTML</button><button class="code-group-tab">JavaScript &amp; TypeScript</button></div><div class="code-group-contents"><div class="code-group-content active"><pre><code class="language-php">echo '&lt;div&gt;';</code></pre></div><div class="code-group-content"><pre><code class="language-js">console.log('&lt;div&gt;');</code></pre></div></div></div>
