<div class="code-group"><div class="code-group-tabs"><button class="code-group-tab active">php</button><button class="code-group-tab">js</button></div><div class="code-group-contents"><div class="custom-content custom-active"><pre><code class="language-php">echo 'test';</code></pre></div><div class="custom-content"><pre><code class="language-js">console.log('test');</code></pre></div></div></div>
